15:19:21 **** Incremental Build of configuration Debug for project 30_video ****
make -j16 all 
arm-none-eabi-gcc "../Core/Src/sdio.c" -mcpu=cortex-m4 -std=gnu11 -g3 -DDEBUG -DUSE_HAL_DRIVER -DSTM32F407xx -c -I../Core/Inc -I../../../libraries/Drivers/STM32F4xx_HAL_Driver/Inc -I../../../libraries/Drivers/STM32F4xx_HAL_Driver/Inc/Legacy -I../../../libraries/Drivers/CMSIS/Device/ST/STM32F4xx/Include -I../../../libraries/Drivers/CMSIS/Include -I../BSP/LED -I../BSP/KEY -I../BSP/LCD -I../BSP/NORFLASH -I../FATFS/Target -I../FATFS/App -I../Middlewares/Third_Party/FatFs/src -I"../ATK_Middlewares/MJPEG" -O0 -ffunction-sections -fdata-sections -Wall -fstack-usage -fcyclomatic-complexity -MMD -MP -MF"Core/Src/sdio.d" -MT"Core/Src/sdio.o" --specs=nano.specs -mfpu=fpv4-sp-d16 -mfloat-abi=hard -mthumb -o "Core/Src/sdio.o"
arm-none-eabi-gcc -o "30_video.elf" @"objects.list"   -mcpu=cortex-m4 -T"F:\m100-m4-mini-board-stm32f407\examples\30_video\STM32F407VGTX_FLASH.ld" --specs=nosys.specs -Wl,-Map="30_video.map" -Wl,--gc-sections -static --specs=nano.specs -mfpu=fpv4-sp-d16 -mfloat-abi=hard -mthumb -u _printf_float -u _scanf_float -Wl,--start-group -lc -lm -Wl,--end-group
Finished building target: 30_video.elf
 
arm-none-eabi-size  30_video.elf 
arm-none-eabi-objdump -h -S 30_video.elf  > "30_video.list"
   text	   data	    bss	    dec	    hex	filename
 412772	    540	 108832	 522144	  7f7a0	30_video.elf
Finished building: default.size.stdout
 
Finished building: 30_video.list
 

15:19:26 Build Finished. 0 errors, 0 warnings. (took 4s.581ms)

