18:06:12 **** Incremental Build of configuration Debug for project 33_1_iap_bootloader ****
make -j16 all 
arm-none-eabi-gcc "../Core/Src/main.c" -mcpu=cortex-m4 -std=gnu11 -g3 -DDEBUG -DUSE_HAL_DRIVER -DSTM32F407xx -c -I../Core/Inc -I../../../libraries/Drivers/STM32F4xx_HAL_Driver/Inc -I../../../libraries/Drivers/STM32F4xx_HAL_Driver/Inc/Legacy -I../../../libraries/Drivers/CMSIS/Device/ST/STM32F4xx/Include -I../../../libraries/Drivers/CMSIS/Include -I../BSP/LED -I../BSP/KEY -I../BSP/LCD -I../BSP/STMFLASH -I../Drivers/STM32F4xx_HAL_Driver/Inc -I../Drivers/STM32F4xx_HAL_Driver/Inc/Legacy -I../Drivers/CMSIS/Device/ST/STM32F4xx/Include -I../Drivers/CMSIS/Include -O0 -ffunction-sections -fdata-sections -Wall -fstack-usage -fcyclomatic-complexity -MMD -MP -MF"Core/Src/main.d" -MT"Core/Src/main.o" --specs=nano.specs -mfpu=fpv4-sp-d16 -mfloat-abi=hard -mthumb -o "Core/Src/main.o"
arm-none-eabi-gcc "../Core/Src/usart.c" -mcpu=cortex-m4 -std=gnu11 -g3 -DDEBUG -DUSE_HAL_DRIVER -DSTM32F407xx -c -I../Core/Inc -I../../../libraries/Drivers/STM32F4xx_HAL_Driver/Inc -I../../../libraries/Drivers/STM32F4xx_HAL_Driver/Inc/Legacy -I../../../libraries/Drivers/CMSIS/Device/ST/STM32F4xx/Include -I../../../libraries/Drivers/CMSIS/Include -I../BSP/LED -I../BSP/KEY -I../BSP/LCD -I../BSP/STMFLASH -I../Drivers/STM32F4xx_HAL_Driver/Inc -I../Drivers/STM32F4xx_HAL_Driver/Inc/Legacy -I../Drivers/CMSIS/Device/ST/STM32F4xx/Include -I../Drivers/CMSIS/Include -O0 -ffunction-sections -fdata-sections -Wall -fstack-usage -fcyclomatic-complexity -MMD -MP -MF"Core/Src/usart.d" -MT"Core/Src/usart.o" --specs=nano.specs -mfpu=fpv4-sp-d16 -mfloat-abi=hard -mthumb -o "Core/Src/usart.o"
../Core/Src/usart.c:38:1: warning: 'at' attribute directive ignored [-Wattributes]
   38 | uint8_t g_usart_rx_buf[USART_REC_LEN]  __attribute__ ((at(0x20001000)));
      | ^~~~~~~
../Core/Src/main.c: In function 'main':
../Core/Src/main.c:131:39: warning: format '%d' expects argument of type 'int', but argument 2 has type 'uint32_t' {aka 'long unsigned int'} [-Wformat=]
  131 |                  printf("code length:%dBytes\r\n", applenth);
      |                                      ~^            ~~~~~~~~
      |                                       |            |
      |                                       int          uint32_t {aka long unsigned int}
      |                                      %ld
../Core/Src/main.c:167:36: warning: format '%x' expects argument of type 'unsigned int', but argument 2 has type 'long unsigned int' [-Wformat=]
  167 |               printf("flash addr :%x \r\n",(*(volatile uint32_t *)(FLASH_APP1_ADDR + 4)) & 0xFF000000);
      |                                   ~^       ~~~~~~~~~~~~~~~~~~~~~~~~~~~~~~~~~~~~~~~~~~~~~~~~~~~~~~~~~~
      |                                    |                                                     |
      |                                    unsigned int                                          long unsigned int
      |                                   %lx
arm-none-eabi-gcc -o "33_1_iap_bootloader.elf" @"objects.list"   -mcpu=cortex-m4 -T"F:\m100-m4-mini-board-stm32f407\examples\33_1_iap_bootloader\STM32F407VGTX_FLASH.ld" --specs=nosys.specs -Wl,-Map="33_1_iap_bootloader.map" -Wl,--gc-sections -static --specs=nano.specs -mfpu=fpv4-sp-d16 -mfloat-abi=hard -mthumb -Wl,--start-group -lc -lm -Wl,--end-group
Finished building target: 33_1_iap_bootloader.elf
 
arm-none-eabi-size  33_1_iap_bootloader.elf 
arm-none-eabi-objdump -h -S 33_1_iap_bootloader.elf  > "33_1_iap_bootloader.list"
   text	   data	    bss	    dec	    hex	filename
  57308	    424	  55192	 112924	  1b91c	33_1_iap_bootloader.elf
Finished building: default.size.stdout
 
Finished building: 33_1_iap_bootloader.list
 

18:06:15 Build Finished. 0 errors, 3 warnings. (took 3s.454ms)

